Building CUDA object examples/120_hopper_fmha_sm120/CMakeFiles/120_hopper_fmha_sm120.dir/88_hopper_fmha.cu.o
/home/yanwa/workspace/cutlass/examples/120_hopper_fmha_sm120/kernel/../collective/fmha_collective_tma.hpp(168): error: overloaded function "get" is not a type name
        Tile<get<0>(TileShapeQK{}), get<1>(TileShapeQK{}), get<2>(TileShapeQK{})>{}
             ^

/home/yanwa/workspace/cutlass/examples/120_hopper_fmha_sm120/kernel/../collective/fmha_collective_tma.hpp(168): error: expected a ")"
        Tile<get<0>(TileShapeQK{}), get<1>(TileShapeQK{}), get<2>(TileShapeQK{})>{}
                               ^

/home/yanwa/workspace/cutlass/examples/120_hopper_fmha_sm120/kernel/../collective/fmha_collective_tma.hpp(168): error: expected a ">"
        Tile<get<0>(TileShapeQK{}), get<1>(TileShapeQK{}), get<2>(TileShapeQK{})>{}
                               ^

/home/yanwa/workspace/cutlass/examples/120_hopper_fmha_sm120/kernel/../collective/fmha_collective_tma.hpp(168): error: expected an expression
        Tile<get<0>(TileShapeQK{}), get<1>(TileShapeQK{}), get<2>(TileShapeQK{})>{}
                                                                                 ^

/home/yanwa/workspace/cutlass/examples/120_hopper_fmha_sm120/kernel/../collective/fmha_collective_tma.hpp(169): error: expected a ";"
    ));
     ^

/home/yanwa/workspace/cutlass/examples/120_hopper_fmha_sm120/kernel/../collective/fmha_collective_tma.hpp(174): error: overloaded function "get" is not a type name
        Tile<get<0>(TileShapePV{}), get<1>(TileShapePV{}), get<2>(TileShapePV{})>{}
             ^

/home/yanwa/workspace/cutlass/examples/120_hopper_fmha_sm120/kernel/../collective/fmha_collective_tma.hpp(174): error: expected a ")"
        Tile<get<0>(TileShapePV{}), get<1>(TileShapePV{}), get<2>(TileShapePV{})>{}
                               ^

/home/yanwa/workspace/cutlass/examples/120_hopper_fmha_sm120/kernel/../collective/fmha_collective_tma.hpp(174): error: expected a ">"
        Tile<get<0>(TileShapePV{}), get<1>(TileShapePV{}), get<2>(TileShapePV{})>{}
                               ^

/home/yanwa/workspace/cutlass/examples/120_hopper_fmha_sm120/kernel/../collective/fmha_collective_tma.hpp(174): error: expected an expression
        Tile<get<0>(TileShapePV{}), get<1>(TileShapePV{}), get<2>(TileShapePV{})>{}
                                                                                 ^

/home/yanwa/workspace/cutlass/examples/120_hopper_fmha_sm120/kernel/../collective/fmha_collective_tma.hpp(175): error: expected a ";"
    ));
     ^

10 errors detected in the compilation of "/home/yanwa/workspace/cutlass/examples/120_hopper_fmha_sm120/88_hopper_fmha.cu".
make[3]: *** [examples/120_hopper_fmha_sm120/CMakeFiles/120_hopper_fmha_sm120.dir/build.make:80: examples/120_hopper_fmha_sm120/CMakeFiles/120_hopper_fmha_sm120.dir/88_hopper_fmha.cu.o] Error 2
make[2]: *** [CMakeFiles/Makefile2:51605: examples/120_hopper_fmha_sm120/CMakeFiles/120_hopper_fmha_sm120.dir/all] Error 2
make[1]: *** [CMakeFiles/Makefile2:51612: examples/120_hopper_fmha_sm120/CMakeFiles/120_hopper_fmha_sm120.dir/rule] Error 2
make: *** [Makefile:17178: 120_hopper_fmha_sm120] Error 2
