Building CUDA object examples/120_hopper_fmha_sm120/CMakeFiles/120_hopper_fmha_sm120.dir/88_hopper_fmha.cu.o
/home/yanwa/workspace/cutlass/examples/120_hopper_fmha_sm120/kernel/../collective/fmha_collective_tma.hpp(122): error: a class or namespace qualified name is required
    using SmemLayoutQ = decltype(unstageSmemLayout(typename CollectiveMmaQK::SmemLayoutA{}, Int<StagesQ::value>{}));
                                                            ^

/home/yanwa/workspace/cutlass/examples/120_hopper_fmha_sm120/kernel/../collective/fmha_collective_tma.hpp(122): error: type name is not allowed
    using SmemLayoutQ = decltype(unstageSmemLayout(typename CollectiveMmaQK::SmemLayoutA{}, Int<StagesQ::value>{}));
                                                   ^

/home/yanwa/workspace/cutlass/examples/120_hopper_fmha_sm120/kernel/../collective/fmha_collective_tma.hpp(122): error: expected a ")"
    using SmemLayoutQ = decltype(unstageSmemLayout(typename CollectiveMmaQK::SmemLayoutA{}, Int<StagesQ::value>{}));
                                                                           ^

/home/yanwa/workspace/cutlass/examples/120_hopper_fmha_sm120/kernel/../collective/fmha_collective_tma.hpp(122): error: expected a ";"
    using SmemLayoutQ = decltype(unstageSmemLayout(typename CollectiveMmaQK::SmemLayoutA{}, Int<StagesQ::value>{}));
                                                                                                                  ^

/home/yanwa/workspace/cutlass/examples/120_hopper_fmha_sm120/kernel/../collective/fmha_collective_tma.hpp(123): error: a class or namespace qualified name is required
    using SmemLayoutK = typename CollectiveMmaQK::SmemLayoutB;
                                 ^

/home/yanwa/workspace/cutlass/examples/120_hopper_fmha_sm120/kernel/../collective/fmha_collective_tma.hpp(123): error: expected a ";"
    using SmemLayoutK = typename CollectiveMmaQK::SmemLayoutB;
                                                ^

/home/yanwa/workspace/cutlass/examples/120_hopper_fmha_sm120/kernel/../collective/fmha_collective_tma.hpp(124): error: a class or namespace qualified name is required
    using SmemLayoutV = typename CollectiveMmaPV::SmemLayoutB;
                                 ^

/home/yanwa/workspace/cutlass/examples/120_hopper_fmha_sm120/kernel/../collective/fmha_collective_tma.hpp(124): error: expected a ";"
    using SmemLayoutV = typename CollectiveMmaPV::SmemLayoutB;
                                                ^

/home/yanwa/workspace/cutlass/include/cute/layout.hpp(670): error: no instance of function template "std::declval" matches the argument list
  using cosize_t = decltype(cosize(declval<Layout>()));
                                   ^
/usr/include/c++/13/type_traits(2386): note #3323-D: substituting explicit template arguments "<<error-type>>" for function template "std::declval" failed
      auto declval() noexcept -> decltype(__declval<_Tp>(0))
           ^
          detected during:
            instantiation of type "cute::cosize_t<<error-type>>" at line 673
            instantiation of "const auto cute::cosize_v [with Layout=<error-type>]" at line 139 of /home/yanwa/workspace/cutlass/examples/120_hopper_fmha_sm120/kernel/../collective/fmha_collective_tma.hpp

/home/yanwa/workspace/cutlass/include/cute/layout.hpp(670): error: no instance of overloaded function "cute::cosize" matches the argument list
            argument types are: (<error-type>)
  using cosize_t = decltype(cosize(declval<Layout>()));
                            ^
/home/yanwa/workspace/cutlass/include/cute/layout.hpp(664): note #3327-D: candidate function template "cute::cosize<Is...,Shape,Stride>(const cute::Layout<Shape, Stride> &)" failed deduction
  cosize(Layout<Shape,Stride> const& layout)
  ^
          detected during:
            instantiation of type "cute::cosize_t<<error-type>>" at line 673
            instantiation of "const auto cute::cosize_v [with Layout=<error-type>]" at line 139 of /home/yanwa/workspace/cutlass/examples/120_hopper_fmha_sm120/kernel/../collective/fmha_collective_tma.hpp

/home/yanwa/workspace/cutlass/include/cute/layout.hpp(673): error: name followed by "::" must be a class or namespace name
  static constexpr auto cosize_v = cosize_t<Layout>::value;
                                   ^
          detected during instantiation of "const auto cute::cosize_v [with Layout=<error-type>]" at line 139 of /home/yanwa/workspace/cutlass/examples/120_hopper_fmha_sm120/kernel/../collective/fmha_collective_tma.hpp

/home/yanwa/workspace/cutlass/examples/120_hopper_fmha_sm120/kernel/../collective/fmha_collective_tma.hpp(179): warning #1307-D: class member typedef may not be redeclared
    using TiledMmaQK = typename CollectiveMmaQK::TiledMma;
          ^

Remark: The warnings can be suppressed with "-diag-suppress <warning-number>"

/home/yanwa/workspace/cutlass/examples/120_hopper_fmha_sm120/kernel/../collective/fmha_collective_tma.hpp(180): warning #1307-D: class member typedef may not be redeclared
    using TiledMmaPV = typename CollectiveMmaPV::TiledMma;
          ^

11 errors detected in the compilation of "/home/yanwa/workspace/cutlass/examples/120_hopper_fmha_sm120/88_hopper_fmha.cu".
make[3]: *** [examples/120_hopper_fmha_sm120/CMakeFiles/120_hopper_fmha_sm120.dir/build.make:80: examples/120_hopper_fmha_sm120/CMakeFiles/120_hopper_fmha_sm120.dir/88_hopper_fmha.cu.o] Error 2
make[2]: *** [CMakeFiles/Makefile2:51605: examples/120_hopper_fmha_sm120/CMakeFiles/120_hopper_fmha_sm120.dir/all] Error 2
make[1]: *** [CMakeFiles/Makefile2:51612: examples/120_hopper_fmha_sm120/CMakeFiles/120_hopper_fmha_sm120.dir/rule] Error 2
make: *** [Makefile:17178: 120_hopper_fmha_sm120] Error 2
