Building CUDA object examples/120_hopper_fmha_sm120/CMakeFiles/120_hopper_fmha_sm120.dir/88_hopper_fmha.cu.o
/home/yanwa/workspace/cutlass/examples/120_hopper_fmha_sm120/kernel/../collective/fmha_collective_tma.hpp(327): error: identifier "blk_coord" is undefined
      int fusion_tile_count = Fusion{}.get_trip_count(blk_coord, TileShape{}, problem_size);
                                                      ^

/home/yanwa/workspace/cutlass/examples/120_hopper_fmha_sm120/kernel/../collective/fmha_collective_tma.hpp(345): error: identifier "smem_pipe_write_q" is undefined
        load_q.step(q_tile_iter, load_state_q, smem_pipe_write_q, lane_predicate, q_tile_count);
                                               ^

/home/yanwa/workspace/cutlass/examples/120_hopper_fmha_sm120/kernel/../collective/fmha_collective_tma.hpp(362): error: identifier "smem_pipe_write" is undefined
            load_k.template step<false>(k_tile_iter, load_state_k, smem_pipe_write, lane_predicate, k_tile_count_tma, mcast_mask_b);
                                                                   ^

/home/yanwa/workspace/cutlass/examples/120_hopper_fmha_sm120/kernel/../collective/fmha_collective_tma.hpp(364): error: identifier "smem_pipe_write" is undefined
            load_v.template step<true>(k_tile_iter, load_state_k, smem_pipe_write, lane_predicate, k_tile_count_tma, mcast_mask_b);
                                                                  ^

/home/yanwa/workspace/cutlass/examples/120_hopper_fmha_sm120/kernel/../collective/fmha_collective_tma.hpp(479): error: identifier "smem_pipe_write" is undefined
            load_k.template step<false>(k_tile_iter, load_state_k, smem_pipe_write, lane_predicate, k_tile_count_tma, mcast_mask_b);
                                                                   ^

/home/yanwa/workspace/cutlass/examples/120_hopper_fmha_sm120/kernel/../collective/fmha_collective_tma.hpp(526): error: identifier "smem_pipe_write" is undefined
            load_v.template step<true>(k_tile_iter, load_state_v, smem_pipe_write, lane_predicate, k_tile_count_tma, mcast_mask_b);
                                                                  ^

/home/yanwa/workspace/cutlass/examples/120_hopper_fmha_sm120/kernel/../collective/fmha_collective_tma.hpp(552): error: identifier "smem_pipe_write" is undefined
            load_k.template step<false>(k_tile_iter, load_state_k, smem_pipe_write, lane_predicate, k_tile_count_tma, mcast_mask_b);
                                                                   ^

/home/yanwa/workspace/cutlass/examples/120_hopper_fmha_sm120/kernel/../collective/fmha_collective_tma.hpp(599): error: identifier "smem_pipe_write" is undefined
            load_v.template step<true>(k_tile_iter, load_state_v, smem_pipe_write, lane_predicate, k_tile_count_tma, mcast_mask_b);
                                                                  ^

8 errors detected in the compilation of "/home/yanwa/workspace/cutlass/examples/120_hopper_fmha_sm120/88_hopper_fmha.cu".
make[3]: *** [examples/120_hopper_fmha_sm120/CMakeFiles/120_hopper_fmha_sm120.dir/build.make:80: examples/120_hopper_fmha_sm120/CMakeFiles/120_hopper_fmha_sm120.dir/88_hopper_fmha.cu.o] Error 2
make[2]: *** [CMakeFiles/Makefile2:51605: examples/120_hopper_fmha_sm120/CMakeFiles/120_hopper_fmha_sm120.dir/all] Error 2
make[1]: *** [CMakeFiles/Makefile2:51612: examples/120_hopper_fmha_sm120/CMakeFiles/120_hopper_fmha_sm120.dir/rule] Error 2
make: *** [Makefile:17178: 120_hopper_fmha_sm120] Error 2
